18.01.2026 - 18:23:57 - [TAB v5.3.2] Player placeholder %animation:Welcome% generated an error when setting for player Kohlizacek
18.01.2026 - 18:23:57 - java.lang.ArrayIndexOutOfBoundsException: Index -8 out of bounds for length 18
18.01.2026 - 18:23:57 - 	at TAB v5.3.2.jar//me.neznamy.tab.shared.placeholders.animation.Animation.getMessage(Animation.java:83)
18.01.2026 - 18:23:57 - 	at TAB v5.3.2.jar//me.neznamy.tab.shared.placeholders.UniversalPlaceholderRegistry.lambda$registerPlayerPlaceholders$31(UniversalPlaceholderRegistry.java:138)
18.01.2026 - 18:23:57 - 	at TAB v5.3.2.jar//me.neznamy.tab.shared.placeholders.types.PlayerPlaceholderImpl.request(PlayerPlaceholderImpl.java:153)
18.01.2026 - 18:23:57 - 	at TAB v5.3.2.jar//me.neznamy.tab.shared.placeholders.types.PlayerPlaceholderImpl.getLastValue(PlayerPlaceholderImpl.java:131)
18.01.2026 - 18:23:57 - 	at TAB v5.3.2.jar//me.neznamy.tab.shared.placeholders.types.TabPlaceholder.set(TabPlaceholder.java:82)
18.01.2026 - 18:23:57 - 	at TAB v5.3.2.jar//me.neznamy.tab.shared.Property.update(Property.java:262)
18.01.2026 - 18:23:57 - 	at TAB v5.3.2.jar//me.neznamy.tab.shared.Property.analyze(Property.java:155)
18.01.2026 - 18:23:57 - 	at TAB v5.3.2.jar//me.neznamy.tab.shared.Property.<init>(Property.java:108)
18.01.2026 - 18:23:57 - 	at TAB v5.3.2.jar//me.neznamy.tab.shared.Property.<init>(Property.java:83)
18.01.2026 - 18:23:57 - 	at TAB v5.3.2.jar//me.neznamy.tab.shared.features.header.HeaderFooter.sendHeaderFooter(HeaderFooter.java:109)
18.01.2026 - 18:23:57 - 	at TAB v5.3.2.jar//me.neznamy.tab.shared.features.header.HeaderFooter.sendHighestDesign(HeaderFooter.java:68)
18.01.2026 - 18:23:57 - 	at TAB v5.3.2.jar//me.neznamy.tab.shared.features.header.HeaderFooter.onJoin(HeaderFooter.java:59)
18.01.2026 - 18:23:57 - 	at TAB v5.3.2.jar//me.neznamy.tab.shared.FeatureManager.lambda$onJoin$3(FeatureManager.java:203)
18.01.2026 - 18:23:57 - 	at TAB v5.3.2.jar//me.neznamy.tab.shared.cpu.TimedCaughtTask.run(TimedCaughtTask.java:28)
18.01.2026 - 18:23:57 - 	at java.base/java.util.concurrent.Executors$RunnableAdapter.call(Executors.java:572)
18.01.2026 - 18:23:57 - 	at java.base/java.util.concurrent.FutureTask.run(FutureTask.java:317)
18.01.2026 - 18:23:57 - 	at java.base/java.util.concurrent.ScheduledThreadPoolExecutor$ScheduledFutureTask.run(ScheduledThreadPoolExecutor.java:304)
18.01.2026 - 18:23:57 - 	at java.base/java.util.concurrent.ThreadPoolExecutor.runWorker(ThreadPoolExecutor.java:1144)
18.01.2026 - 18:23:57 - 	at java.base/java.util.concurrent.ThreadPoolExecutor$Worker.run(ThreadPoolExecutor.java:642)
18.01.2026 - 18:23:57 - 	at java.base/java.lang.Thread.run(Thread.java:1583)
18.01.2026 - 18:23:57 - [TAB v5.3.2] Player placeholder %animation:web% generated an error when setting for player Kohlizacek
18.01.2026 - 18:23:57 - java.lang.ArrayIndexOutOfBoundsException: Index -5 out of bounds for length 26
18.01.2026 - 18:23:57 - 	at TAB v5.3.2.jar//me.neznamy.tab.shared.placeholders.animation.Animation.getMessage(Animation.java:83)
18.01.2026 - 18:23:57 - 	at TAB v5.3.2.jar//me.neznamy.tab.shared.placeholders.UniversalPlaceholderRegistry.lambda$registerPlayerPlaceholders$31(UniversalPlaceholderRegistry.java:138)
18.01.2026 - 18:23:57 - 	at TAB v5.3.2.jar//me.neznamy.tab.shared.placeholders.types.PlayerPlaceholderImpl.request(PlayerPlaceholderImpl.java:153)
18.01.2026 - 18:23:57 - 	at TAB v5.3.2.jar//me.neznamy.tab.shared.placeholders.types.PlayerPlaceholderImpl.getLastValue(PlayerPlaceholderImpl.java:131)
18.01.2026 - 18:23:57 - 	at TAB v5.3.2.jar//me.neznamy.tab.shared.placeholders.types.TabPlaceholder.set(TabPlaceholder.java:82)
18.01.2026 - 18:23:57 - 	at TAB v5.3.2.jar//me.neznamy.tab.shared.Property.update(Property.java:262)
18.01.2026 - 18:23:57 - 	at TAB v5.3.2.jar//me.neznamy.tab.shared.Property.analyze(Property.java:155)
18.01.2026 - 18:23:57 - 	at TAB v5.3.2.jar//me.neznamy.tab.shared.Property.<init>(Property.java:108)
18.01.2026 - 18:23:57 - 	at TAB v5.3.2.jar//me.neznamy.tab.shared.Property.<init>(Property.java:83)
18.01.2026 - 18:23:57 - 	at TAB v5.3.2.jar//me.neznamy.tab.shared.features.header.HeaderFooter.sendHeaderFooter(HeaderFooter.java:121)
18.01.2026 - 18:23:57 - 	at TAB v5.3.2.jar//me.neznamy.tab.shared.features.header.HeaderFooter.sendHighestDesign(HeaderFooter.java:68)
18.01.2026 - 18:23:57 - 	at TAB v5.3.2.jar//me.neznamy.tab.shared.features.header.HeaderFooter.onJoin(HeaderFooter.java:59)
18.01.2026 - 18:23:57 - 	at TAB v5.3.2.jar//me.neznamy.tab.shared.FeatureManager.lambda$onJoin$3(FeatureManager.java:203)
18.01.2026 - 18:23:57 - 	at TAB v5.3.2.jar//me.neznamy.tab.shared.cpu.TimedCaughtTask.run(TimedCaughtTask.java:28)
18.01.2026 - 18:23:57 - 	at java.base/java.util.concurrent.Executors$RunnableAdapter.call(Executors.java:572)
18.01.2026 - 18:23:57 - 	at java.base/java.util.concurrent.FutureTask.run(FutureTask.java:317)
18.01.2026 - 18:23:57 - 	at java.base/java.util.concurrent.ScheduledThreadPoolExecutor$ScheduledFutureTask.run(ScheduledThreadPoolExecutor.java:304)
18.01.2026 - 18:23:57 - 	at java.base/java.util.concurrent.ThreadPoolExecutor.runWorker(ThreadPoolExecutor.java:1144)
18.01.2026 - 18:23:57 - 	at java.base/java.util.concurrent.ThreadPoolExecutor$Worker.run(ThreadPoolExecutor.java:642)
18.01.2026 - 18:23:57 - 	at java.base/java.lang.Thread.run(Thread.java:1583)
18.01.2026 - 18:28:09 - [TAB v5.3.2] Player placeholder %animation:Welcome% generated an error when setting for player Kohlizacek
18.01.2026 - 18:28:09 - java.lang.ArrayIndexOutOfBoundsException: Index -8 out of bounds for length 18
18.01.2026 - 18:28:09 - 	at TAB v5.3.2.jar//me.neznamy.tab.shared.placeholders.animation.Animation.getMessage(Animation.java:83)
18.01.2026 - 18:28:09 - 	at TAB v5.3.2.jar//me.neznamy.tab.shared.placeholders.UniversalPlaceholderRegistry.lambda$registerPlayerPlaceholders$31(UniversalPlaceholderRegistry.java:138)
18.01.2026 - 18:28:09 - 	at TAB v5.3.2.jar//me.neznamy.tab.shared.placeholders.types.PlayerPlaceholderImpl.request(PlayerPlaceholderImpl.java:153)
18.01.2026 - 18:28:09 - 	at TAB v5.3.2.jar//me.neznamy.tab.shared.placeholders.types.PlayerPlaceholderImpl.getLastValue(PlayerPlaceholderImpl.java:131)
18.01.2026 - 18:28:09 - 	at TAB v5.3.2.jar//me.neznamy.tab.shared.placeholders.types.TabPlaceholder.set(TabPlaceholder.java:82)
18.01.2026 - 18:28:09 - 	at TAB v5.3.2.jar//me.neznamy.tab.shared.Property.update(Property.java:262)
18.01.2026 - 18:28:09 - 	at TAB v5.3.2.jar//me.neznamy.tab.shared.Property.analyze(Property.java:155)
18.01.2026 - 18:28:09 - 	at TAB v5.3.2.jar//me.neznamy.tab.shared.Property.<init>(Property.java:108)
18.01.2026 - 18:28:09 - 	at TAB v5.3.2.jar//me.neznamy.tab.shared.Property.<init>(Property.java:83)
18.01.2026 - 18:28:09 - 	at TAB v5.3.2.jar//me.neznamy.tab.shared.features.header.HeaderFooter.sendHeaderFooter(HeaderFooter.java:109)
18.01.2026 - 18:28:09 - 	at TAB v5.3.2.jar//me.neznamy.tab.shared.features.header.HeaderFooter.sendHighestDesign(HeaderFooter.java:68)
18.01.2026 - 18:28:09 - 	at TAB v5.3.2.jar//me.neznamy.tab.shared.features.header.HeaderFooter.onJoin(HeaderFooter.java:59)
18.01.2026 - 18:28:09 - 	at TAB v5.3.2.jar//me.neznamy.tab.shared.FeatureManager.lambda$onJoin$3(FeatureManager.java:203)
18.01.2026 - 18:28:09 - 	at TAB v5.3.2.jar//me.neznamy.tab.shared.cpu.TimedCaughtTask.run(TimedCaughtTask.java:28)
18.01.2026 - 18:28:09 - 	at java.base/java.util.concurrent.Executors$RunnableAdapter.call(Executors.java:572)
18.01.2026 - 18:28:09 - 	at java.base/java.util.concurrent.FutureTask.run(FutureTask.java:317)
18.01.2026 - 18:28:09 - 	at java.base/java.util.concurrent.ScheduledThreadPoolExecutor$ScheduledFutureTask.run(ScheduledThreadPoolExecutor.java:304)
18.01.2026 - 18:28:09 - 	at java.base/java.util.concurrent.ThreadPoolExecutor.runWorker(ThreadPoolExecutor.java:1144)
18.01.2026 - 18:28:09 - 	at java.base/java.util.concurrent.ThreadPoolExecutor$Worker.run(ThreadPoolExecutor.java:642)
18.01.2026 - 18:28:09 - 	at java.base/java.lang.Thread.run(Thread.java:1583)
18.01.2026 - 18:28:09 - [TAB v5.3.2] Player placeholder %animation:web% generated an error when setting for player Kohlizacek
18.01.2026 - 18:28:09 - java.lang.ArrayIndexOutOfBoundsException: Index -18 out of bounds for length 26
18.01.2026 - 18:28:09 - 	at TAB v5.3.2.jar//me.neznamy.tab.shared.placeholders.animation.Animation.getMessage(Animation.java:83)
18.01.2026 - 18:28:09 - 	at TAB v5.3.2.jar//me.neznamy.tab.shared.placeholders.UniversalPlaceholderRegistry.lambda$registerPlayerPlaceholders$31(UniversalPlaceholderRegistry.java:138)
18.01.2026 - 18:28:09 - 	at TAB v5.3.2.jar//me.neznamy.tab.shared.placeholders.types.PlayerPlaceholderImpl.request(PlayerPlaceholderImpl.java:153)
18.01.2026 - 18:28:09 - 	at TAB v5.3.2.jar//me.neznamy.tab.shared.placeholders.types.PlayerPlaceholderImpl.getLastValue(PlayerPlaceholderImpl.java:131)
18.01.2026 - 18:28:09 - 	at TAB v5.3.2.jar//me.neznamy.tab.shared.placeholders.types.TabPlaceholder.set(TabPlaceholder.java:82)
18.01.2026 - 18:28:09 - 	at TAB v5.3.2.jar//me.neznamy.tab.shared.Property.update(Property.java:262)
18.01.2026 - 18:28:09 - 	at TAB v5.3.2.jar//me.neznamy.tab.shared.Property.analyze(Property.java:155)
18.01.2026 - 18:28:09 - 	at TAB v5.3.2.jar//me.neznamy.tab.shared.Property.<init>(Property.java:108)
18.01.2026 - 18:28:09 - 	at TAB v5.3.2.jar//me.neznamy.tab.shared.Property.<init>(Property.java:83)
18.01.2026 - 18:28:09 - 	at TAB v5.3.2.jar//me.neznamy.tab.shared.features.header.HeaderFooter.sendHeaderFooter(HeaderFooter.java:121)
18.01.2026 - 18:28:09 - 	at TAB v5.3.2.jar//me.neznamy.tab.shared.features.header.HeaderFooter.sendHighestDesign(HeaderFooter.java:68)
18.01.2026 - 18:28:09 - 	at TAB v5.3.2.jar//me.neznamy.tab.shared.features.header.HeaderFooter.onJoin(HeaderFooter.java:59)
18.01.2026 - 18:28:09 - 	at TAB v5.3.2.jar//me.neznamy.tab.shared.FeatureManager.lambda$onJoin$3(FeatureManager.java:203)
18.01.2026 - 18:28:09 - 	at TAB v5.3.2.jar//me.neznamy.tab.shared.cpu.TimedCaughtTask.run(TimedCaughtTask.java:28)
18.01.2026 - 18:28:09 - 	at java.base/java.util.concurrent.Executors$RunnableAdapter.call(Executors.java:572)
18.01.2026 - 18:28:09 - 	at java.base/java.util.concurrent.FutureTask.run(FutureTask.java:317)
18.01.2026 - 18:28:09 - 	at java.base/java.util.concurrent.ScheduledThreadPoolExecutor$ScheduledFutureTask.run(ScheduledThreadPoolExecutor.java:304)
18.01.2026 - 18:28:09 - 	at java.base/java.util.concurrent.ThreadPoolExecutor.runWorker(ThreadPoolExecutor.java:1144)
18.01.2026 - 18:28:09 - 	at java.base/java.util.concurrent.ThreadPoolExecutor$Worker.run(ThreadPoolExecutor.java:642)
18.01.2026 - 18:28:09 - 	at java.base/java.lang.Thread.run(Thread.java:1583)
18.01.2026 - 19:13:23 - [TAB v5.3.2] Player placeholder %animation:Welcome% generated an error when setting for player Kohlizacek
18.01.2026 - 19:13:23 - java.lang.ArrayIndexOutOfBoundsException: Index -9 out of bounds for length 18
18.01.2026 - 19:13:23 - 	at TAB v5.3.2.jar//me.neznamy.tab.shared.placeholders.animation.Animation.getMessage(Animation.java:83)
18.01.2026 - 19:13:23 - 	at TAB v5.3.2.jar//me.neznamy.tab.shared.placeholders.UniversalPlaceholderRegistry.lambda$registerPlayerPlaceholders$31(UniversalPlaceholderRegistry.java:138)
18.01.2026 - 19:13:23 - 	at TAB v5.3.2.jar//me.neznamy.tab.shared.placeholders.types.PlayerPlaceholderImpl.request(PlayerPlaceholderImpl.java:153)
18.01.2026 - 19:13:23 - 	at TAB v5.3.2.jar//me.neznamy.tab.shared.placeholders.types.PlayerPlaceholderImpl.getLastValue(PlayerPlaceholderImpl.java:131)
18.01.2026 - 19:13:23 - 	at TAB v5.3.2.jar//me.neznamy.tab.shared.placeholders.types.TabPlaceholder.set(TabPlaceholder.java:82)
18.01.2026 - 19:13:23 - 	at TAB v5.3.2.jar//me.neznamy.tab.shared.Property.update(Property.java:262)
18.01.2026 - 19:13:23 - 	at TAB v5.3.2.jar//me.neznamy.tab.shared.Property.analyze(Property.java:155)
18.01.2026 - 19:13:23 - 	at TAB v5.3.2.jar//me.neznamy.tab.shared.Property.<init>(Property.java:108)
18.01.2026 - 19:13:23 - 	at TAB v5.3.2.jar//me.neznamy.tab.shared.Property.<init>(Property.java:83)
18.01.2026 - 19:13:23 - 	at TAB v5.3.2.jar//me.neznamy.tab.shared.features.header.HeaderFooter.sendHeaderFooter(HeaderFooter.java:109)
18.01.2026 - 19:13:23 - 	at TAB v5.3.2.jar//me.neznamy.tab.shared.features.header.HeaderFooter.sendHighestDesign(HeaderFooter.java:68)
18.01.2026 - 19:13:23 - 	at TAB v5.3.2.jar//me.neznamy.tab.shared.features.header.HeaderFooter.onJoin(HeaderFooter.java:59)
18.01.2026 - 19:13:23 - 	at TAB v5.3.2.jar//me.neznamy.tab.shared.FeatureManager.lambda$onJoin$3(FeatureManager.java:203)
18.01.2026 - 19:13:23 - 	at TAB v5.3.2.jar//me.neznamy.tab.shared.cpu.TimedCaughtTask.run(TimedCaughtTask.java:28)
18.01.2026 - 19:13:23 - 	at java.base/java.util.concurrent.Executors$RunnableAdapter.call(Executors.java:572)
18.01.2026 - 19:13:23 - 	at java.base/java.util.concurrent.FutureTask.run(FutureTask.java:317)
18.01.2026 - 19:13:23 - 	at java.base/java.util.concurrent.ScheduledThreadPoolExecutor$ScheduledFutureTask.run(ScheduledThreadPoolExecutor.java:304)
18.01.2026 - 19:13:23 - 	at java.base/java.util.concurrent.ThreadPoolExecutor.runWorker(ThreadPoolExecutor.java:1144)
18.01.2026 - 19:13:23 - 	at java.base/java.util.concurrent.ThreadPoolExecutor$Worker.run(ThreadPoolExecutor.java:642)
18.01.2026 - 19:13:23 - 	at java.base/java.lang.Thread.run(Thread.java:1583)
18.01.2026 - 19:13:23 - [TAB v5.3.2] Player placeholder %animation:time% generated an error when setting for player Kohlizacek
18.01.2026 - 19:13:23 - java.lang.ArrayIndexOutOfBoundsException: Index -1 out of bounds for length 2
18.01.2026 - 19:13:23 - 	at TAB v5.3.2.jar//me.neznamy.tab.shared.placeholders.animation.Animation.getMessage(Animation.java:83)
18.01.2026 - 19:13:23 - 	at TAB v5.3.2.jar//me.neznamy.tab.shared.placeholders.UniversalPlaceholderRegistry.lambda$registerPlayerPlaceholders$31(UniversalPlaceholderRegistry.java:138)
18.01.2026 - 19:13:23 - 	at TAB v5.3.2.jar//me.neznamy.tab.shared.placeholders.types.PlayerPlaceholderImpl.request(PlayerPlaceholderImpl.java:153)
18.01.2026 - 19:13:23 - 	at TAB v5.3.2.jar//me.neznamy.tab.shared.placeholders.types.PlayerPlaceholderImpl.getLastValue(PlayerPlaceholderImpl.java:131)
18.01.2026 - 19:13:23 - 	at TAB v5.3.2.jar//me.neznamy.tab.shared.placeholders.types.TabPlaceholder.set(TabPlaceholder.java:82)
18.01.2026 - 19:13:23 - 	at TAB v5.3.2.jar//me.neznamy.tab.shared.Property.update(Property.java:262)
18.01.2026 - 19:13:23 - 	at TAB v5.3.2.jar//me.neznamy.tab.shared.Property.analyze(Property.java:155)
18.01.2026 - 19:13:23 - 	at TAB v5.3.2.jar//me.neznamy.tab.shared.Property.<init>(Property.java:108)
18.01.2026 - 19:13:23 - 	at TAB v5.3.2.jar//me.neznamy.tab.shared.Property.<init>(Property.java:83)
18.01.2026 - 19:13:23 - 	at TAB v5.3.2.jar//me.neznamy.tab.shared.features.header.HeaderFooter.sendHeaderFooter(HeaderFooter.java:121)
18.01.2026 - 19:13:23 - 	at TAB v5.3.2.jar//me.neznamy.tab.shared.features.header.HeaderFooter.sendHighestDesign(HeaderFooter.java:68)
18.01.2026 - 19:13:23 - 	at TAB v5.3.2.jar//me.neznamy.tab.shared.features.header.HeaderFooter.onJoin(HeaderFooter.java:59)
18.01.2026 - 19:13:23 - 	at TAB v5.3.2.jar//me.neznamy.tab.shared.FeatureManager.lambda$onJoin$3(FeatureManager.java:203)
18.01.2026 - 19:13:23 - 	at TAB v5.3.2.jar//me.neznamy.tab.shared.cpu.TimedCaughtTask.run(TimedCaughtTask.java:28)
18.01.2026 - 19:13:23 - 	at java.base/java.util.concurrent.Executors$RunnableAdapter.call(Executors.java:572)
18.01.2026 - 19:13:23 - 	at java.base/java.util.concurrent.FutureTask.run(FutureTask.java:317)
18.01.2026 - 19:13:23 - 	at java.base/java.util.concurrent.ScheduledThreadPoolExecutor$ScheduledFutureTask.run(ScheduledThreadPoolExecutor.java:304)
18.01.2026 - 19:13:23 - 	at java.base/java.util.concurrent.ThreadPoolExecutor.runWorker(ThreadPoolExecutor.java:1144)
18.01.2026 - 19:13:23 - 	at java.base/java.util.concurrent.ThreadPoolExecutor$Worker.run(ThreadPoolExecutor.java:642)
18.01.2026 - 19:13:23 - 	at java.base/java.lang.Thread.run(Thread.java:1583)
18.01.2026 - 19:13:23 - [TAB v5.3.2] Player placeholder %animation:web% generated an error when setting for player Kohlizacek
18.01.2026 - 19:13:23 - java.lang.ArrayIndexOutOfBoundsException: Index -21 out of bounds for length 26
18.01.2026 - 19:13:23 - 	at TAB v5.3.2.jar//me.neznamy.tab.shared.placeholders.animation.Animation.getMessage(Animation.java:83)
18.01.2026 - 19:13:23 - 	at TAB v5.3.2.jar//me.neznamy.tab.shared.placeholders.UniversalPlaceholderRegistry.lambda$registerPlayerPlaceholders$31(UniversalPlaceholderRegistry.java:138)
18.01.2026 - 19:13:23 - 	at TAB v5.3.2.jar//me.neznamy.tab.shared.placeholders.types.PlayerPlaceholderImpl.request(PlayerPlaceholderImpl.java:153)
18.01.2026 - 19:13:23 - 	at TAB v5.3.2.jar//me.neznamy.tab.shared.placeholders.types.PlayerPlaceholderImpl.getLastValue(PlayerPlaceholderImpl.java:131)
18.01.2026 - 19:13:23 - 	at TAB v5.3.2.jar//me.neznamy.tab.shared.placeholders.types.TabPlaceholder.set(TabPlaceholder.java:82)
18.01.2026 - 19:13:23 - 	at TAB v5.3.2.jar//me.neznamy.tab.shared.Property.update(Property.java:262)
18.01.2026 - 19:13:23 - 	at TAB v5.3.2.jar//me.neznamy.tab.shared.Property.analyze(Property.java:155)
18.01.2026 - 19:13:23 - 	at TAB v5.3.2.jar//me.neznamy.tab.shared.Property.<init>(Property.java:108)
18.01.2026 - 19:13:23 - 	at TAB v5.3.2.jar//me.neznamy.tab.shared.Property.<init>(Property.java:83)
18.01.2026 - 19:13:23 - 	at TAB v5.3.2.jar//me.neznamy.tab.shared.features.header.HeaderFooter.sendHeaderFooter(HeaderFooter.java:121)
18.01.2026 - 19:13:23 - 	at TAB v5.3.2.jar//me.neznamy.tab.shared.features.header.HeaderFooter.sendHighestDesign(HeaderFooter.java:68)
18.01.2026 - 19:13:23 - 	at TAB v5.3.2.jar//me.neznamy.tab.shared.features.header.HeaderFooter.onJoin(HeaderFooter.java:59)
18.01.2026 - 19:13:23 - 	at TAB v5.3.2.jar//me.neznamy.tab.shared.FeatureManager.lambda$onJoin$3(FeatureManager.java:203)
18.01.2026 - 19:13:23 - 	at TAB v5.3.2.jar//me.neznamy.tab.shared.cpu.TimedCaughtTask.run(TimedCaughtTask.java:28)
18.01.2026 - 19:13:23 - 	at java.base/java.util.concurrent.Executors$RunnableAdapter.call(Executors.java:572)
18.01.2026 - 19:13:23 - 	at java.base/java.util.concurrent.FutureTask.run(FutureTask.java:317)
18.01.2026 - 19:13:23 - 	at java.base/java.util.concurrent.ScheduledThreadPoolExecutor$ScheduledFutureTask.run(ScheduledThreadPoolExecutor.java:304)
18.01.2026 - 19:13:23 - 	at java.base/java.util.concurrent.ThreadPoolExecutor.runWorker(ThreadPoolExecutor.java:1144)
18.01.2026 - 19:13:23 - 	at java.base/java.util.concurrent.ThreadPoolExecutor$Worker.run(ThreadPoolExecutor.java:642)
18.01.2026 - 19:13:23 - 	at java.base/java.lang.Thread.run(Thread.java:1583)
21.01.2026 - 01:02:03 - [TAB v5.3.2] Player placeholder %animation:Welcome% generated an error when setting for player Kohlizacek
21.01.2026 - 01:02:03 - java.lang.ArrayIndexOutOfBoundsException: Index -17 out of bounds for length 18
21.01.2026 - 01:02:03 - 	at TAB v5.3.2.jar//me.neznamy.tab.shared.placeholders.animation.Animation.getMessage(Animation.java:83)
21.01.2026 - 01:02:03 - 	at TAB v5.3.2.jar//me.neznamy.tab.shared.placeholders.UniversalPlaceholderRegistry.lambda$registerPlayerPlaceholders$31(UniversalPlaceholderRegistry.java:138)
21.01.2026 - 01:02:03 - 	at TAB v5.3.2.jar//me.neznamy.tab.shared.placeholders.types.PlayerPlaceholderImpl.request(PlayerPlaceholderImpl.java:153)
21.01.2026 - 01:02:03 - 	at TAB v5.3.2.jar//me.neznamy.tab.shared.placeholders.types.PlayerPlaceholderImpl.getLastValue(PlayerPlaceholderImpl.java:131)
21.01.2026 - 01:02:03 - 	at TAB v5.3.2.jar//me.neznamy.tab.shared.placeholders.types.TabPlaceholder.set(TabPlaceholder.java:82)
21.01.2026 - 01:02:03 - 	at TAB v5.3.2.jar//me.neznamy.tab.shared.Property.update(Property.java:262)
21.01.2026 - 01:02:03 - 	at TAB v5.3.2.jar//me.neznamy.tab.shared.Property.analyze(Property.java:155)
21.01.2026 - 01:02:03 - 	at TAB v5.3.2.jar//me.neznamy.tab.shared.Property.<init>(Property.java:108)
21.01.2026 - 01:02:03 - 	at TAB v5.3.2.jar//me.neznamy.tab.shared.Property.<init>(Property.java:83)
21.01.2026 - 01:02:03 - 	at TAB v5.3.2.jar//me.neznamy.tab.shared.features.header.HeaderFooter.sendHeaderFooter(HeaderFooter.java:109)
21.01.2026 - 01:02:03 - 	at TAB v5.3.2.jar//me.neznamy.tab.shared.features.header.HeaderFooter.sendHighestDesign(HeaderFooter.java:68)
21.01.2026 - 01:02:03 - 	at TAB v5.3.2.jar//me.neznamy.tab.shared.features.header.HeaderFooter.onJoin(HeaderFooter.java:59)
21.01.2026 - 01:02:03 - 	at TAB v5.3.2.jar//me.neznamy.tab.shared.FeatureManager.lambda$onJoin$3(FeatureManager.java:203)
21.01.2026 - 01:02:03 - 	at TAB v5.3.2.jar//me.neznamy.tab.shared.cpu.TimedCaughtTask.run(TimedCaughtTask.java:28)
21.01.2026 - 01:02:03 - 	at java.base/java.util.concurrent.Executors$RunnableAdapter.call(Executors.java:572)
21.01.2026 - 01:02:03 - 	at java.base/java.util.concurrent.FutureTask.run(FutureTask.java:317)
21.01.2026 - 01:02:03 - 	at java.base/java.util.concurrent.ScheduledThreadPoolExecutor$ScheduledFutureTask.run(ScheduledThreadPoolExecutor.java:304)
21.01.2026 - 01:02:03 - 	at java.base/java.util.concurrent.ThreadPoolExecutor.runWorker(ThreadPoolExecutor.java:1144)
21.01.2026 - 01:02:03 - 	at java.base/java.util.concurrent.ThreadPoolExecutor$Worker.run(ThreadPoolExecutor.java:642)
21.01.2026 - 01:02:03 - 	at java.base/java.lang.Thread.run(Thread.java:1583)
21.01.2026 - 01:02:03 - [TAB v5.3.2] Player placeholder %animation:web% generated an error when setting for player Kohlizacek
21.01.2026 - 01:02:03 - java.lang.ArrayIndexOutOfBoundsException: Index -24 out of bounds for length 26
21.01.2026 - 01:02:03 - 	at TAB v5.3.2.jar//me.neznamy.tab.shared.placeholders.animation.Animation.getMessage(Animation.java:83)
21.01.2026 - 01:02:03 - 	at TAB v5.3.2.jar//me.neznamy.tab.shared.placeholders.UniversalPlaceholderRegistry.lambda$registerPlayerPlaceholders$31(UniversalPlaceholderRegistry.java:138)
21.01.2026 - 01:02:03 - 	at TAB v5.3.2.jar//me.neznamy.tab.shared.placeholders.types.PlayerPlaceholderImpl.request(PlayerPlaceholderImpl.java:153)
21.01.2026 - 01:02:03 - 	at TAB v5.3.2.jar//me.neznamy.tab.shared.placeholders.types.PlayerPlaceholderImpl.getLastValue(PlayerPlaceholderImpl.java:131)
21.01.2026 - 01:02:03 - 	at TAB v5.3.2.jar//me.neznamy.tab.shared.placeholders.types.TabPlaceholder.set(TabPlaceholder.java:82)
21.01.2026 - 01:02:03 - 	at TAB v5.3.2.jar//me.neznamy.tab.shared.Property.update(Property.java:262)
21.01.2026 - 01:02:03 - 	at TAB v5.3.2.jar//me.neznamy.tab.shared.Property.analyze(Property.java:155)
21.01.2026 - 01:02:03 - 	at TAB v5.3.2.jar//me.neznamy.tab.shared.Property.<init>(Property.java:108)
21.01.2026 - 01:02:03 - 	at TAB v5.3.2.jar//me.neznamy.tab.shared.Property.<init>(Property.java:83)
21.01.2026 - 01:02:03 - 	at TAB v5.3.2.jar//me.neznamy.tab.shared.features.header.HeaderFooter.sendHeaderFooter(HeaderFooter.java:121)
21.01.2026 - 01:02:03 - 	at TAB v5.3.2.jar//me.neznamy.tab.shared.features.header.HeaderFooter.sendHighestDesign(HeaderFooter.java:68)
21.01.2026 - 01:02:03 - 	at TAB v5.3.2.jar//me.neznamy.tab.shared.features.header.HeaderFooter.onJoin(HeaderFooter.java:59)
21.01.2026 - 01:02:03 - 	at TAB v5.3.2.jar//me.neznamy.tab.shared.FeatureManager.lambda$onJoin$3(FeatureManager.java:203)
21.01.2026 - 01:02:03 - 	at TAB v5.3.2.jar//me.neznamy.tab.shared.cpu.TimedCaughtTask.run(TimedCaughtTask.java:28)
21.01.2026 - 01:02:03 - 	at java.base/java.util.concurrent.Executors$RunnableAdapter.call(Executors.java:572)
21.01.2026 - 01:02:03 - 	at java.base/java.util.concurrent.FutureTask.run(FutureTask.java:317)
21.01.2026 - 01:02:03 - 	at java.base/java.util.concurrent.ScheduledThreadPoolExecutor$ScheduledFutureTask.run(ScheduledThreadPoolExecutor.java:304)
21.01.2026 - 01:02:03 - 	at java.base/java.util.concurrent.ThreadPoolExecutor.runWorker(ThreadPoolExecutor.java:1144)
21.01.2026 - 01:02:03 - 	at java.base/java.util.concurrent.ThreadPoolExecutor$Worker.run(ThreadPoolExecutor.java:642)
21.01.2026 - 01:02:03 - 	at java.base/java.lang.Thread.run(Thread.java:1583)
21.01.2026 - 07:04:10 - [TAB v5.3.2] Player placeholder %animation:Welcome% generated an error when setting for player Kohlizacek
21.01.2026 - 07:04:10 - java.lang.ArrayIndexOutOfBoundsException: Index -5 out of bounds for length 18
21.01.2026 - 07:04:10 - 	at TAB v5.3.2.jar//me.neznamy.tab.shared.placeholders.animation.Animation.getMessage(Animation.java:83)
21.01.2026 - 07:04:10 - 	at TAB v5.3.2.jar//me.neznamy.tab.shared.placeholders.UniversalPlaceholderRegistry.lambda$registerPlayerPlaceholders$31(UniversalPlaceholderRegistry.java:138)
21.01.2026 - 07:04:10 - 	at TAB v5.3.2.jar//me.neznamy.tab.shared.placeholders.types.PlayerPlaceholderImpl.request(PlayerPlaceholderImpl.java:153)
21.01.2026 - 07:04:10 - 	at TAB v5.3.2.jar//me.neznamy.tab.shared.placeholders.types.PlayerPlaceholderImpl.getLastValue(PlayerPlaceholderImpl.java:131)
21.01.2026 - 07:04:10 - 	at TAB v5.3.2.jar//me.neznamy.tab.shared.placeholders.types.TabPlaceholder.set(TabPlaceholder.java:82)
21.01.2026 - 07:04:10 - 	at TAB v5.3.2.jar//me.neznamy.tab.shared.Property.update(Property.java:262)
21.01.2026 - 07:04:10 - 	at TAB v5.3.2.jar//me.neznamy.tab.shared.Property.analyze(Property.java:155)
21.01.2026 - 07:04:10 - 	at TAB v5.3.2.jar//me.neznamy.tab.shared.Property.<init>(Property.java:108)
21.01.2026 - 07:04:10 - 	at TAB v5.3.2.jar//me.neznamy.tab.shared.Property.<init>(Property.java:83)
21.01.2026 - 07:04:10 - 	at TAB v5.3.2.jar//me.neznamy.tab.shared.features.header.HeaderFooter.sendHeaderFooter(HeaderFooter.java:109)
21.01.2026 - 07:04:10 - 	at TAB v5.3.2.jar//me.neznamy.tab.shared.features.header.HeaderFooter.sendHighestDesign(HeaderFooter.java:68)
21.01.2026 - 07:04:10 - 	at TAB v5.3.2.jar//me.neznamy.tab.shared.features.header.HeaderFooter.onJoin(HeaderFooter.java:59)
21.01.2026 - 07:04:10 - 	at TAB v5.3.2.jar//me.neznamy.tab.shared.FeatureManager.lambda$onJoin$3(FeatureManager.java:203)
21.01.2026 - 07:04:10 - 	at TAB v5.3.2.jar//me.neznamy.tab.shared.cpu.TimedCaughtTask.run(TimedCaughtTask.java:28)
21.01.2026 - 07:04:10 - 	at java.base/java.util.concurrent.Executors$RunnableAdapter.call(Executors.java:572)
21.01.2026 - 07:04:10 - 	at java.base/java.util.concurrent.FutureTask.run(FutureTask.java:317)
21.01.2026 - 07:04:10 - 	at java.base/java.util.concurrent.ScheduledThreadPoolExecutor$ScheduledFutureTask.run(ScheduledThreadPoolExecutor.java:304)
21.01.2026 - 07:04:10 - 	at java.base/java.util.concurrent.ThreadPoolExecutor.runWorker(ThreadPoolExecutor.java:1144)
21.01.2026 - 07:04:10 - 	at java.base/java.util.concurrent.ThreadPoolExecutor$Worker.run(ThreadPoolExecutor.java:642)
21.01.2026 - 07:04:10 - 	at java.base/java.lang.Thread.run(Thread.java:1583)
21.01.2026 - 07:04:10 - [TAB v5.3.2] Player placeholder %animation:time% generated an error when setting for player Kohlizacek
21.01.2026 - 07:04:10 - java.lang.ArrayIndexOutOfBoundsException: Index -1 out of bounds for length 2
21.01.2026 - 07:04:10 - 	at TAB v5.3.2.jar//me.neznamy.tab.shared.placeholders.animation.Animation.getMessage(Animation.java:83)
21.01.2026 - 07:04:10 - 	at TAB v5.3.2.jar//me.neznamy.tab.shared.placeholders.UniversalPlaceholderRegistry.lambda$registerPlayerPlaceholders$31(UniversalPlaceholderRegistry.java:138)
21.01.2026 - 07:04:10 - 	at TAB v5.3.2.jar//me.neznamy.tab.shared.placeholders.types.PlayerPlaceholderImpl.request(PlayerPlaceholderImpl.java:153)
21.01.2026 - 07:04:10 - 	at TAB v5.3.2.jar//me.neznamy.tab.shared.placeholders.types.PlayerPlaceholderImpl.getLastValue(PlayerPlaceholderImpl.java:131)
21.01.2026 - 07:04:10 - 	at TAB v5.3.2.jar//me.neznamy.tab.shared.placeholders.types.TabPlaceholder.set(TabPlaceholder.java:82)
21.01.2026 - 07:04:10 - 	at TAB v5.3.2.jar//me.neznamy.tab.shared.Property.update(Property.java:262)
21.01.2026 - 07:04:10 - 	at TAB v5.3.2.jar//me.neznamy.tab.shared.Property.analyze(Property.java:155)
21.01.2026 - 07:04:10 - 	at TAB v5.3.2.jar//me.neznamy.tab.shared.Property.<init>(Property.java:108)
21.01.2026 - 07:04:10 - 	at TAB v5.3.2.jar//me.neznamy.tab.shared.Property.<init>(Property.java:83)
21.01.2026 - 07:04:10 - 	at TAB v5.3.2.jar//me.neznamy.tab.shared.features.header.HeaderFooter.sendHeaderFooter(HeaderFooter.java:121)
21.01.2026 - 07:04:10 - 	at TAB v5.3.2.jar//me.neznamy.tab.shared.features.header.HeaderFooter.sendHighestDesign(HeaderFooter.java:68)
21.01.2026 - 07:04:10 - 	at TAB v5.3.2.jar//me.neznamy.tab.shared.features.header.HeaderFooter.onJoin(HeaderFooter.java:59)
21.01.2026 - 07:04:10 - 	at TAB v5.3.2.jar//me.neznamy.tab.shared.FeatureManager.lambda$onJoin$3(FeatureManager.java:203)
21.01.2026 - 07:04:10 - 	at TAB v5.3.2.jar//me.neznamy.tab.shared.cpu.TimedCaughtTask.run(TimedCaughtTask.java:28)
21.01.2026 - 07:04:10 - 	at java.base/java.util.concurrent.Executors$RunnableAdapter.call(Executors.java:572)
21.01.2026 - 07:04:10 - 	at java.base/java.util.concurrent.FutureTask.run(FutureTask.java:317)
21.01.2026 - 07:04:10 - 	at java.base/java.util.concurrent.ScheduledThreadPoolExecutor$ScheduledFutureTask.run(ScheduledThreadPoolExecutor.java:304)
21.01.2026 - 07:04:10 - 	at java.base/java.util.concurrent.ThreadPoolExecutor.runWorker(ThreadPoolExecutor.java:1144)
21.01.2026 - 07:04:10 - 	at java.base/java.util.concurrent.ThreadPoolExecutor$Worker.run(ThreadPoolExecutor.java:642)
21.01.2026 - 07:04:10 - 	at java.base/java.lang.Thread.run(Thread.java:1583)
21.01.2026 - 07:04:10 - [TAB v5.3.2] Player placeholder %animation:web% generated an error when setting for player Kohlizacek
21.01.2026 - 07:04:10 - java.lang.ArrayIndexOutOfBoundsException: Index -17 out of bounds for length 26
21.01.2026 - 07:04:10 - 	at TAB v5.3.2.jar//me.neznamy.tab.shared.placeholders.animation.Animation.getMessage(Animation.java:83)
21.01.2026 - 07:04:10 - 	at TAB v5.3.2.jar//me.neznamy.tab.shared.placeholders.UniversalPlaceholderRegistry.lambda$registerPlayerPlaceholders$31(UniversalPlaceholderRegistry.java:138)
21.01.2026 - 07:04:10 - 	at TAB v5.3.2.jar//me.neznamy.tab.shared.placeholders.types.PlayerPlaceholderImpl.request(PlayerPlaceholderImpl.java:153)
21.01.2026 - 07:04:10 - 	at TAB v5.3.2.jar//me.neznamy.tab.shared.placeholders.types.PlayerPlaceholderImpl.getLastValue(PlayerPlaceholderImpl.java:131)
21.01.2026 - 07:04:10 - 	at TAB v5.3.2.jar//me.neznamy.tab.shared.placeholders.types.TabPlaceholder.set(TabPlaceholder.java:82)
21.01.2026 - 07:04:10 - 	at TAB v5.3.2.jar//me.neznamy.tab.shared.Property.update(Property.java:262)
21.01.2026 - 07:04:10 - 	at TAB v5.3.2.jar//me.neznamy.tab.shared.Property.analyze(Property.java:155)
21.01.2026 - 07:04:10 - 	at TAB v5.3.2.jar//me.neznamy.tab.shared.Property.<init>(Property.java:108)
21.01.2026 - 07:04:10 - 	at TAB v5.3.2.jar//me.neznamy.tab.shared.Property.<init>(Property.java:83)
21.01.2026 - 07:04:10 - 	at TAB v5.3.2.jar//me.neznamy.tab.shared.features.header.HeaderFooter.sendHeaderFooter(HeaderFooter.java:121)
21.01.2026 - 07:04:10 - 	at TAB v5.3.2.jar//me.neznamy.tab.shared.features.header.HeaderFooter.sendHighestDesign(HeaderFooter.java:68)
21.01.2026 - 07:04:10 - 	at TAB v5.3.2.jar//me.neznamy.tab.shared.features.header.HeaderFooter.onJoin(HeaderFooter.java:59)
21.01.2026 - 07:04:10 - 	at TAB v5.3.2.jar//me.neznamy.tab.shared.FeatureManager.lambda$onJoin$3(FeatureManager.java:203)
21.01.2026 - 07:04:10 - 	at TAB v5.3.2.jar//me.neznamy.tab.shared.cpu.TimedCaughtTask.run(TimedCaughtTask.java:28)
21.01.2026 - 07:04:10 - 	at java.base/java.util.concurrent.Executors$RunnableAdapter.call(Executors.java:572)
21.01.2026 - 07:04:10 - 	at java.base/java.util.concurrent.FutureTask.run(FutureTask.java:317)
21.01.2026 - 07:04:10 - 	at java.base/java.util.concurrent.ScheduledThreadPoolExecutor$ScheduledFutureTask.run(ScheduledThreadPoolExecutor.java:304)
21.01.2026 - 07:04:10 - 	at java.base/java.util.concurrent.ThreadPoolExecutor.runWorker(ThreadPoolExecutor.java:1144)
21.01.2026 - 07:04:10 - 	at java.base/java.util.concurrent.ThreadPoolExecutor$Worker.run(ThreadPoolExecutor.java:642)
21.01.2026 - 07:04:10 - 	at java.base/java.lang.Thread.run(Thread.java:1583)
