[02-27 08:02:07]: [INFO] Created column 'regdate' and set the current timestamp, 1772179327275, to all 0 rows
[02-27 08:02:07]: [INFO] SQLite Setup finished
[02-27 08:02:07]: [INFO] Hooked into LuckPerms!
[02-27 08:02:07]: [INFO] Hooked successfully into Essentials
[02-27 08:02:07]: [INFO] Essentials spawn file not found: '/home/container/plugins/Essentials/spawn.yml'
[02-27 08:02:07]: [INFO] AuthMe 5.6.0 build n.CUSTOM successfully enabled!
[02-27 08:02:14]: [INFO] Downloading GEO IP database, because the old database is older than 30 days or doesn't exist
[02-27 08:02:14]: [WARN] No MaxMind credentials found in the configuration file! GeoIp protections will be disabled.
[02-27 08:02:14]: [INFO] There is no newer GEO IP database uploaded to MaxMind. Using the old one for now.
[02-27 08:02:14]: [WARN] Could not download GeoLiteAPI database [FileNotFoundException]: plugins/AuthMe/GeoLite2-Country.mmdb (No such file or directory)
[02-27 08:02:14]: java.io.FileNotFoundException: plugins/AuthMe/GeoLite2-Country.mmdb (No such file or directory)
	at java.base/java.io.RandomAccessFile.open0(Native Method)
	at java.base/java.io.RandomAccessFile.open(RandomAccessFile.java:356)
	at java.base/java.io.RandomAccessFile.<init>(RandomAccessFile.java:273)
	at java.base/java.io.RandomAccessFile.<init>(RandomAccessFile.java:223)
	at AuthMe-5.6.0.jar//fr.xephi.authme.libs.com.maxmind.db.BufferHolder.<init>(BufferHolder.java:20)
	at AuthMe-5.6.0.jar//fr.xephi.authme.libs.com.maxmind.db.Reader.<init>(Reader.java:121)
	at AuthMe-5.6.0.jar//fr.xephi.authme.service.GeoIpService.startReading(GeoIpService.java:179)
	at AuthMe-5.6.0.jar//fr.xephi.authme.service.GeoIpService.updateDatabase(GeoIpService.java:150)
	at org.bukkit.craftbukkit.scheduler.CraftTask.run(CraftTask.java:78)
	at org.bukkit.craftbukkit.scheduler.CraftAsyncTask.run(CraftAsyncTask.java:57)
	at com.destroystokyo.paper.ServerSchedulerReportingWrapper.run(ServerSchedulerReportingWrapper.java:22)
	at java.base/java.util.concurrent.ThreadPoolExecutor.runWorker(ThreadPoolExecutor.java:1144)
	at java.base/java.util.concurrent.ThreadPoolExecutor$Worker.run(ThreadPoolExecutor.java:642)
	at java.base/java.lang.Thread.run(Thread.java:1583)

[02-27 08:05:04]: [FINE] Kohlizacek registered 10.40.5.234
[02-27 08:05:04]: [FINE] Kohlizacek logged in 10.40.5.234
[02-27 08:06:43]: [INFO] AuthMe 5.6.0-bCUSTOM disabled!
[02-27 08:08:00]: [INFO] SQLite Setup finished
[02-27 08:08:00]: [INFO] Hooked into LuckPerms!
[02-27 08:08:00]: [INFO] Hooked successfully into Essentials
[02-27 08:08:00]: [INFO] Essentials spawn file not found: '/home/container/plugins/Essentials/spawn.yml'
[02-27 08:08:00]: [INFO] AuthMe 5.6.0 build n.CUSTOM successfully enabled!
[02-27 08:08:09]: [INFO] Downloading GEO IP database, because the old database is older than 30 days or doesn't exist
[02-27 08:08:09]: [WARN] No MaxMind credentials found in the configuration file! GeoIp protections will be disabled.
[02-27 08:08:09]: [INFO] There is no newer GEO IP database uploaded to MaxMind. Using the old one for now.
[02-27 08:08:09]: [WARN] Could not download GeoLiteAPI database [FileNotFoundException]: plugins/AuthMe/GeoLite2-Country.mmdb (No such file or directory)
[02-27 08:08:09]: java.io.FileNotFoundException: plugins/AuthMe/GeoLite2-Country.mmdb (No such file or directory)
	at java.base/java.io.RandomAccessFile.open0(Native Method)
	at java.base/java.io.RandomAccessFile.open(RandomAccessFile.java:356)
	at java.base/java.io.RandomAccessFile.<init>(RandomAccessFile.java:273)
	at java.base/java.io.RandomAccessFile.<init>(RandomAccessFile.java:223)
	at AuthMe-5.6.0.jar//fr.xephi.authme.libs.com.maxmind.db.BufferHolder.<init>(BufferHolder.java:20)
	at AuthMe-5.6.0.jar//fr.xephi.authme.libs.com.maxmind.db.Reader.<init>(Reader.java:121)
	at AuthMe-5.6.0.jar//fr.xephi.authme.service.GeoIpService.startReading(GeoIpService.java:179)
	at AuthMe-5.6.0.jar//fr.xephi.authme.service.GeoIpService.updateDatabase(GeoIpService.java:150)
	at org.bukkit.craftbukkit.scheduler.CraftTask.run(CraftTask.java:78)
	at org.bukkit.craftbukkit.scheduler.CraftAsyncTask.run(CraftAsyncTask.java:57)
	at com.destroystokyo.paper.ServerSchedulerReportingWrapper.run(ServerSchedulerReportingWrapper.java:22)
	at java.base/java.util.concurrent.ThreadPoolExecutor.runWorker(ThreadPoolExecutor.java:1144)
	at java.base/java.util.concurrent.ThreadPoolExecutor$Worker.run(ThreadPoolExecutor.java:642)
	at java.base/java.lang.Thread.run(Thread.java:1583)

[02-27 08:08:55]: [FINE] Kohlizacek logged in 10.40.5.234
[02-27 08:11:43]: [INFO] AuthMe 5.6.0-bCUSTOM disabled!
[03-13 07:46:20]: [INFO] SQLite Setup finished
[03-13 07:46:20]: [INFO] Hooked into LuckPerms!
[03-13 07:46:20]: [INFO] Hooked successfully into Essentials
[03-13 07:46:20]: [INFO] Essentials spawn file not found: '/home/container/plugins/Essentials/spawn.yml'
[03-13 07:46:20]: [INFO] AuthMe 5.6.0 build n.CUSTOM successfully enabled!
[03-13 07:46:30]: [INFO] Downloading GEO IP database, because the old database is older than 30 days or doesn't exist
[03-13 07:46:30]: [WARN] No MaxMind credentials found in the configuration file! GeoIp protections will be disabled.
[03-13 07:46:30]: [INFO] There is no newer GEO IP database uploaded to MaxMind. Using the old one for now.
[03-13 07:46:30]: [WARN] Could not download GeoLiteAPI database [FileNotFoundException]: plugins/AuthMe/GeoLite2-Country.mmdb (No such file or directory)
[03-13 07:46:30]: java.io.FileNotFoundException: plugins/AuthMe/GeoLite2-Country.mmdb (No such file or directory)
	at java.base/java.io.RandomAccessFile.open0(Native Method)
	at java.base/java.io.RandomAccessFile.open(RandomAccessFile.java:356)
	at java.base/java.io.RandomAccessFile.<init>(RandomAccessFile.java:273)
	at java.base/java.io.RandomAccessFile.<init>(RandomAccessFile.java:223)
	at AuthMe-5.6.0.jar//fr.xephi.authme.libs.com.maxmind.db.BufferHolder.<init>(BufferHolder.java:20)
	at AuthMe-5.6.0.jar//fr.xephi.authme.libs.com.maxmind.db.Reader.<init>(Reader.java:121)
	at AuthMe-5.6.0.jar//fr.xephi.authme.service.GeoIpService.startReading(GeoIpService.java:179)
	at AuthMe-5.6.0.jar//fr.xephi.authme.service.GeoIpService.updateDatabase(GeoIpService.java:150)
	at org.bukkit.craftbukkit.scheduler.CraftTask.run(CraftTask.java:78)
	at org.bukkit.craftbukkit.scheduler.CraftAsyncTask.run(CraftAsyncTask.java:57)
	at com.destroystokyo.paper.ServerSchedulerReportingWrapper.run(ServerSchedulerReportingWrapper.java:22)
	at java.base/java.util.concurrent.ThreadPoolExecutor.runWorker(ThreadPoolExecutor.java:1144)
	at java.base/java.util.concurrent.ThreadPoolExecutor$Worker.run(ThreadPoolExecutor.java:642)
	at java.base/java.lang.Thread.run(Thread.java:1583)

[03-13 07:49:15]: [FINE] sapikop123 registered 10.20.4.215
[03-13 07:49:15]: [FINE] sapikop123 logged in 10.20.4.215
[03-13 08:01:39]: [FINE] sapikop123 logged in 10.20.4.215
[03-14 15:54:20]: [FINE] sapikop123 logged in 10.40.5.250
[03-15 00:15:13]: [INFO] AuthMe 5.6.0-bCUSTOM disabled!
